// Jest Snapshot v1, https://goo.gl/fbAQLP

exports[`testing snapshot 1`] = `[Function]`;
